// Jest Snapshot v1, https://goo.gl/fbAQLP

exports[`WeatherDay matches snapshot 1`] = `
ShallowWrapper {
  "length": 1,
  Symbol(enzyme.__root__): [Circular],
  Symbol(enzyme.__unrendered__): <WeatherDay
    dayJSON={
      Object {
        "code": "26",
        "date": "06 May 2018",
        "day": "Sun",
        "high": "33",
        "low": "29",
        "text": "Cloudy",
      }
    }
  />,
  Symbol(enzyme.__renderer__): Object {
    "batchedUpdates": [Function],
    "getNode": [Function],
    "render": [Function],
    "simulateEvent": [Function],
    "unmount": [Function],
  },
  Symbol(enzyme.__node__): Object {
    "instance": null,
    "key": undefined,
    "nodeType": "class",
    "props": Object {
      "children": Array [
        <Text
          accessible={true}
          allowFontScaling={true}
          ellipsizeMode="tail"
          style={
            Object {
              "color": "white",
              "fontFamily": "Helvetica Neue",
              "fontSize": 15,
              "textAlign": "left",
              "width": 100,
            }
          }
        >
          Sunday
        </Text>,
        <Component
          style={
            Object {
              "alignContent": "center",
              "alignItems": "center",
              "alignSelf": "center",
              "position": "absolute",
              "width": "100%",
            }
          }
        >
          <WeatherIcon
            weatherID={26}
          />
        </Component>,
        <Component
          style={
            Object {
              "display": "flex",
              "flexDirection": "row",
            }
          }
        >
          <Text
            accessible={true}
            allowFontScaling={true}
            ellipsizeMode="tail"
            style={
              Object {
                "color": "white",
                "fontFamily": "Helvetica Neue",
                "fontSize": 15,
                "paddingRight": 15,
              }
            }
          >
            33°
          </Text>
          <Text
            accessible={true}
            allowFontScaling={true}
            ellipsizeMode="tail"
            style={
              Object {
                "color": "#8FBFE8",
                "fontFamily": "Helvetica Neue",
                "fontSize": 15,
              }
            }
          >
            29°
          </Text>
        </Component>,
      ],
      "style": Object {
        "alignContent": "center",
        "alignItems": "center",
        "display": "flex",
        "flexDirection": "row",
        "height": 30,
        "justifyContent": "space-between",
      },
    },
    "ref": null,
    "rendered": Array [
      Object {
        "instance": null,
        "key": undefined,
        "nodeType": "class",
        "props": Object {
          "accessible": true,
          "allowFontScaling": true,
          "children": "Sunday",
          "ellipsizeMode": "tail",
          "style": Object {
            "color": "white",
            "fontFamily": "Helvetica Neue",
            "fontSize": 15,
            "textAlign": "left",
            "width": 100,
          },
        },
        "ref": null,
        "rendered": "Sunday",
        "type": [Function],
      },
      Object {
        "instance": null,
        "key": undefined,
        "nodeType": "class",
        "props": Object {
          "children": <WeatherIcon
            weatherID={26}
          />,
          "style": Object {
            "alignContent": "center",
            "alignItems": "center",
            "alignSelf": "center",
            "position": "absolute",
            "width": "100%",
          },
        },
        "ref": null,
        "rendered": Object {
          "instance": null,
          "key": undefined,
          "nodeType": "class",
          "props": Object {
            "weatherID": 26,
          },
          "ref": null,
          "rendered": null,
          "type": [Function],
        },
        "type": [Function],
      },
      Object {
        "instance": null,
        "key": undefined,
        "nodeType": "class",
        "props": Object {
          "children": Array [
            <Text
              accessible={true}
              allowFontScaling={true}
              ellipsizeMode="tail"
              style={
                Object {
                  "color": "white",
                  "fontFamily": "Helvetica Neue",
                  "fontSize": 15,
                  "paddingRight": 15,
                }
              }
            >
              33°
            </Text>,
            <Text
              accessible={true}
              allowFontScaling={true}
              ellipsizeMode="tail"
              style={
                Object {
                  "color": "#8FBFE8",
                  "fontFamily": "Helvetica Neue",
                  "fontSize": 15,
                }
              }
            >
              29°
            </Text>,
          ],
          "style": Object {
            "display": "flex",
            "flexDirection": "row",
          },
        },
        "ref": null,
        "rendered": Array [
          Object {
            "instance": null,
            "key": undefined,
            "nodeType": "class",
            "props": Object {
              "accessible": true,
              "allowFontScaling": true,
              "children": "33°",
              "ellipsizeMode": "tail",
              "style": Object {
                "color": "white",
                "fontFamily": "Helvetica Neue",
                "fontSize": 15,
                "paddingRight": 15,
              },
            },
            "ref": null,
            "rendered": "33°",
            "type": [Function],
          },
          Object {
            "instance": null,
            "key": undefined,
            "nodeType": "class",
            "props": Object {
              "accessible": true,
              "allowFontScaling": true,
              "children": "29°",
              "ellipsizeMode": "tail",
              "style": Object {
                "color": "#8FBFE8",
                "fontFamily": "Helvetica Neue",
                "fontSize": 15,
              },
            },
            "ref": null,
            "rendered": "29°",
            "type": [Function],
          },
        ],
        "type": [Function],
      },
    ],
    "type": [Function],
  },
  Symbol(enzyme.__nodes__): Array [
    Object {
      "instance": null,
      "key": undefined,
      "nodeType": "class",
      "props": Object {
        "children": Array [
          <Text
            accessible={true}
            allowFontScaling={true}
            ellipsizeMode="tail"
            style={
              Object {
                "color": "white",
                "fontFamily": "Helvetica Neue",
                "fontSize": 15,
                "textAlign": "left",
                "width": 100,
              }
            }
          >
            Sunday
          </Text>,
          <Component
            style={
              Object {
                "alignContent": "center",
                "alignItems": "center",
                "alignSelf": "center",
                "position": "absolute",
                "width": "100%",
              }
            }
          >
            <WeatherIcon
              weatherID={26}
            />
          </Component>,
          <Component
            style={
              Object {
                "display": "flex",
                "flexDirection": "row",
              }
            }
          >
            <Text
              accessible={true}
              allowFontScaling={true}
              ellipsizeMode="tail"
              style={
                Object {
                  "color": "white",
                  "fontFamily": "Helvetica Neue",
                  "fontSize": 15,
                  "paddingRight": 15,
                }
              }
            >
              33°
            </Text>
            <Text
              accessible={true}
              allowFontScaling={true}
              ellipsizeMode="tail"
              style={
                Object {
                  "color": "#8FBFE8",
                  "fontFamily": "Helvetica Neue",
                  "fontSize": 15,
                }
              }
            >
              29°
            </Text>
          </Component>,
        ],
        "style": Object {
          "alignContent": "center",
          "alignItems": "center",
          "display": "flex",
          "flexDirection": "row",
          "height": 30,
          "justifyContent": "space-between",
        },
      },
      "ref": null,
      "rendered": Array [
        Object {
          "instance": null,
          "key": undefined,
          "nodeType": "class",
          "props": Object {
            "accessible": true,
            "allowFontScaling": true,
            "children": "Sunday",
            "ellipsizeMode": "tail",
            "style": Object {
              "color": "white",
              "fontFamily": "Helvetica Neue",
              "fontSize": 15,
              "textAlign": "left",
              "width": 100,
            },
          },
          "ref": null,
          "rendered": "Sunday",
          "type": [Function],
        },
        Object {
          "instance": null,
          "key": undefined,
          "nodeType": "class",
          "props": Object {
            "children": <WeatherIcon
              weatherID={26}
            />,
            "style": Object {
              "alignContent": "center",
              "alignItems": "center",
              "alignSelf": "center",
              "position": "absolute",
              "width": "100%",
            },
          },
          "ref": null,
          "rendered": Object {
            "instance": null,
            "key": undefined,
            "nodeType": "class",
            "props": Object {
              "weatherID": 26,
            },
            "ref": null,
            "rendered": null,
            "type": [Function],
          },
          "type": [Function],
        },
        Object {
          "instance": null,
          "key": undefined,
          "nodeType": "class",
          "props": Object {
            "children": Array [
              <Text
                accessible={true}
                allowFontScaling={true}
                ellipsizeMode="tail"
                style={
                  Object {
                    "color": "white",
                    "fontFamily": "Helvetica Neue",
                    "fontSize": 15,
                    "paddingRight": 15,
                  }
                }
              >
                33°
              </Text>,
              <Text
                accessible={true}
                allowFontScaling={true}
                ellipsizeMode="tail"
                style={
                  Object {
                    "color": "#8FBFE8",
                    "fontFamily": "Helvetica Neue",
                    "fontSize": 15,
                  }
                }
              >
                29°
              </Text>,
            ],
            "style": Object {
              "display": "flex",
              "flexDirection": "row",
            },
          },
          "ref": null,
          "rendered": Array [
            Object {
              "instance": null,
              "key": undefined,
              "nodeType": "class",
              "props": Object {
                "accessible": true,
                "allowFontScaling": true,
                "children": "33°",
                "ellipsizeMode": "tail",
                "style": Object {
                  "color": "white",
                  "fontFamily": "Helvetica Neue",
                  "fontSize": 15,
                  "paddingRight": 15,
                },
              },
              "ref": null,
              "rendered": "33°",
              "type": [Function],
            },
            Object {
              "instance": null,
              "key": undefined,
              "nodeType": "class",
              "props": Object {
                "accessible": true,
                "allowFontScaling": true,
                "children": "29°",
                "ellipsizeMode": "tail",
                "style": Object {
                  "color": "#8FBFE8",
                  "fontFamily": "Helvetica Neue",
                  "fontSize": 15,
                },
              },
              "ref": null,
              "rendered": "29°",
              "type": [Function],
            },
          ],
          "type": [Function],
        },
      ],
      "type": [Function],
    },
  ],
  Symbol(enzyme.__options__): Object {
    "adapter": ReactSixteenAdapter {
      "options": Object {
        "enableComponentDidUpdateOnSetState": true,
      },
    },
  },
}
`;
